[Thread 3] started
[Thread 3] running: 0
[Thread 2] started
[Thread 2] running: 0
[Thread 1] started
[Thread 1] running: 0
[Thread 3] running: 1
[Thread 2] running: 1
[Thread 1] running: 1
[Thread 3] running: 2
[Thread 2] running: 2
[Thread 1] running: 2
[Thread 3] running: 3
[Thread 2] running: 3
[Thread 1] running: 3
[Thread 3] running: 4
[Thread 2] running: 4
[Thread 1] running: 4
[Thread 3] running: 5
[Thread 2] running: 5
[Thread 1] running: 5
[Thread 3] running: 6
[Thread 2] received ping: 6
[Thread 2] running: 6
[Thread 1] running: 6
[Thread 3] running: 7
[Thread 2] running: 7
[Thread 1] running: 7
[Thread 3] running: 8
[Thread 2] running: 8
[Thread 1] running: 8
[Thread 3] running: 9
[Thread 2] running: 9
[Thread 1] running: 9
[Thread 3] exiting
[Thread 2] running: 10
[Thread 1] running: 10
[Scheduler] thread exited: 3
[Thread 2] running: 11
[Thread 1] running: 11
[Thread 2] received ping: 12
[Thread 2] running: 12
[Thread 1] running: 12
[Thread 2] running: 13
[Thread 1] running: 13
[Thread 2] running: 14
[Thread 1] running: 14
[Thread 2] running: 15
[Thread 1] running: 15
[Thread 2] running: 16
[Thread 1] running: 16
[Thread 2] running: 17
[Thread 1] running: 17
[Thread 2] received ping: 18
[Thread 2] running: 18
[Thread 1] running: 18
[Thread 2] running: 19
[Thread 1] running: 19
[Thread 2] running: 20
[Thread 1] running: 20
[Thread 2] running: 21
[Thread 1] running: 21
[Thread 2] running: 22
[Thread 1] running: 22
[Thread 2] running: 23
[Thread 1] running: 23
[Thread 2] received ping: 24
[Thread 2] running: 24
[Thread 1] running: 24
[Thread 2] running: 25
[Thread 1] running: 25
[Thread 2] running: 26
[Thread 1] running: 26
[Thread 2] running: 27
[Thread 1] running: 27
[Thread 2] running: 28
[Thread 1] running: 28
[Thread 2] running: 29
[Thread 1] running: 29
[Thread 2] forking worker: 30
[Thread 2] running: 30
[Worker 0] started, work=13
[Thread 1] running: 30
[Thread 2] running: 31
[Thread 1] running: 31
[Thread 2] running: 32
[Thread 1] running: 32
[Thread 2] running: 33
[Thread 1] running: 33
[Thread 2] running: 34
[Thread 1] running: 34
[Thread 2] running: 35
[Thread 1] running: 35
[Thread 2] received ping: 36
[Thread 2] running: 36
[Thread 1] running: 36
[Thread 2] running: 37
[Thread 1] running: 37
[Thread 2] running: 38
[Thread 1] running: 38
[Thread 2] running: 39
[Thread 1] running: 39
[Thread 2] running: 40
[Thread 1] running: 40
[Thread 2] running: 41
[Thread 1] running: 41
[Thread 2] received ping: 42
[Thread 2] running: 42
[Thread 1] running: 42
[Thread 2] running: 43
[Worker 0] exiting, result: 1247736706
[Thread 1] running: 43
[Scheduler] thread exited: 4
[Thread 2] running: 44
[Thread 1] running: 44
[Thread 2] running: 45
[Thread 1] running: 45
[Thread 2] running: 46
[Thread 1] running: 46
[Thread 2] running: 47
[Thread 1] running: 47
[Thread 2] received ping: 48
[Thread 2] running: 48
[Thread 1] running: 48
[Thread 2] running: 49
[Thread 1] running: 49
[Thread 2] running: 50
[Thread 1] running: 50
[Thread 2] running: 51
[Thread 1] running: 51
[Thread 2] running: 52
[Thread 1] running: 52
[Thread 2] running: 53
[Thread 1] running: 53
[Thread 2] received ping: 54
[Thread 2] running: 54
[Thread 1] running: 54
[Thread 2] running: 55
[Thread 1] running: 55
[Thread 2] running: 56
[Thread 1] running: 56
[Thread 2] running: 57
[Thread 1] running: 57
[Thread 2] running: 58
[Thread 1] running: 58
[Thread 2] running: 59
[Thread 1] running: 59
[Thread 2] forking worker: 60
[Thread 2] running: 60
[Worker 1] started, work=19
[Thread 1] running: 60
[Thread 2] running: 61
[Thread 1] running: 61
[Thread 2] running: 62
[Thread 1] running: 62
[Thread 2] running: 63
[Thread 1] running: 63
[Thread 2] running: 64
[Thread 1] running: 64
[Thread 2] running: 65
[Thread 1] running: 65
[Thread 2] received ping: 66
[Thread 2] running: 66
[Thread 1] running: 66
[Thread 2] running: 67
[Thread 1] running: 67
[Thread 2] running: 68
[Thread 1] running: 68
[Thread 2] running: 69
[Thread 1] running: 69
[Thread 2] running: 70
[Thread 1] running: 70
[Thread 2] running: 71
[Thread 1] running: 71
[Thread 2] received ping: 72
[Thread 2] running: 72
[Thread 1] running: 72
[Thread 2] running: 73
[Thread 1] running: 73
[Thread 2] running: 74
[Thread 1] running: 74
[Thread 2] running: 75
[Thread 1] running: 75
[Thread 2] running: 76
[Thread 1] running: 76
[Thread 2] running: 77
[Thread 1] running: 77
[Thread 2] received ping: 78
[Thread 2] running: 78
[Thread 1] running: 78
[Thread 2] running: 79
[Worker 1] exiting, result: 2814585027
[Thread 1] running: 79
[Scheduler] thread exited: 5
[Thread 2] running: 80
[Thread 1] running: 80
[Thread 2] running: 81
[Thread 1] running: 81
[Thread 2] running: 82
[Thread 1] running: 82
[Thread 2] running: 83
[Thread 1] running: 83
[Thread 2] received ping: 84
[Thread 2] running: 84
[Thread 1] running: 84
[Thread 2] running: 85
[Thread 1] running: 85
[Thread 2] running: 86
[Thread 1] running: 86
[Thread 2] running: 87
[Thread 1] running: 87
[Thread 2] running: 88
[Thread 1] running: 88
[Thread 2] running: 89
[Thread 1] running: 89
[Thread 2] forking worker: 90
[Thread 2] running: 90
[Worker 2] started, work=14
[Thread 1] running: 90
[Thread 2] running: 91
[Thread 1] running: 91
[Thread 2] running: 92
[Thread 1] running: 92
[Thread 2] running: 93
[Thread 1] running: 93
[Thread 2] running: 94
[Thread 1] running: 94
[Thread 2] running: 95
[Thread 1] running: 95
[Thread 2] received ping: 96
[Thread 2] running: 96
[Thread 1] running: 96
[Thread 2] running: 97
[Thread 1] running: 97
[Thread 2] running: 98
[Thread 1] running: 98
[Thread 2] running: 99
[Thread 1] running: 99
[Thread 2] running: 100
[Thread 1] running: 100
[Thread 2] running: 101
[Thread 1] running: 101
[Thread 2] received ping: 102
[Thread 2] running: 102
[Thread 1] running: 102
[Thread 2] running: 103
[Thread 1] running: 103
[Thread 2] running: 104
[Worker 2] exiting, result: 918515341
[Thread 1] running: 104
[Scheduler] thread exited: 6
[Thread 2] running: 105
[Thread 1] running: 105
[Thread 2] running: 106
[Thread 1] running: 106
[Thread 2] running: 107
[Thread 1] running: 107
[Thread 2] received ping: 108
[Thread 2] running: 108
[Thread 1] running: 108
[Thread 2] running: 109
[Thread 1] running: 109
[Thread 2] running: 110
[Thread 1] running: 110
[Thread 2] running: 111
[Thread 1] running: 111
[Thread 2] running: 112
[Thread 1] running: 112
[Thread 2] running: 113
[Thread 1] running: 113
[Thread 2] received ping: 114
[Thread 2] running: 114
[Thread 1] running: 114
[Thread 2] running: 115
[Thread 1] running: 115
[Thread 2] running: 116
[Thread 1] running: 116
[Thread 2] running: 117
[Thread 1] running: 117
[Thread 2] running: 118
[Thread 1] running: 118
[Thread 2] running: 119
[Thread 1] running: 119
[Thread 2] forking worker: 120
[Thread 2] running: 120
[Worker 3] started, work=20
[Thread 1] running: 120
[Thread 2] running: 121
[Thread 1] running: 121
[Thread 2] running: 122
[Thread 1] running: 122
[Thread 2] running: 123
[Thread 1] running: 123
[Thread 2] running: 124
[Thread 1] running: 124
[Thread 2] running: 125
[Thread 1] running: 125
[Thread 2] received ping: 126
[Thread 2] running: 126
[Thread 1] running: 126
[Thread 2] running: 127
[Thread 1] running: 127
[Thread 2] running: 128
[Thread 1] running: 128
[Thread 2] running: 129
[Thread 1] running: 129
[Thread 2] running: 130
[Thread 1] running: 130
[Thread 2] running: 131
[Thread 1] running: 131
[Thread 2] received ping: 132
[Thread 2] running: 132
[Thread 1] running: 132
[Thread 2] running: 133
[Thread 1] running: 133
[Thread 2] running: 134
[Thread 1] running: 134
[Thread 2] running: 135
[Thread 1] running: 135
[Thread 2] running: 136
[Thread 1] running: 136
[Thread 2] running: 137
[Thread 1] running: 137
[Thread 2] received ping: 138
[Thread 2] running: 138
[Thread 1] running: 138
[Thread 2] running: 139
[Thread 1] running: 139
[Thread 2] running: 140
[Worker 3] exiting, result: 3554181924
[Thread 1] running: 140
[Scheduler] thread exited: 7
[Thread 2] running: 141
[Thread 1] running: 141
[Thread 2] running: 142
[Thread 1] running: 142
[Thread 2] running: 143
[Thread 1] running: 143
[Thread 2] received ping: 144
[Thread 2] running: 144
[Thread 1] running: 144
[Thread 2] running: 145
[Thread 1] running: 145
[Thread 2] running: 146
[Thread 1] running: 146
[Thread 2] running: 147
[Thread 1] running: 147
[Thread 2] running: 148
[Thread 1] running: 148
[Thread 2] running: 149
[Thread 1] running: 149
[Thread 2] forking worker: 150
[Thread 2] running: 150
[Worker 4] started, work=15
[Thread 1] running: 150
[Thread 2] running: 151
[Thread 1] running: 151
[Thread 2] running: 152
[Thread 1] running: 152
[Thread 2] running: 153
[Thread 1] running: 153
[Thread 2] running: 154
[Thread 1] running: 154
[Thread 2] running: 155
[Thread 1] running: 155
[Thread 2] received ping: 156
[Thread 2] running: 156
[Thread 1] running: 156
[Thread 2] running: 157
[Thread 1] running: 157
[Thread 2] running: 158
[Thread 1] running: 158
[Thread 2] running: 159
[Thread 1] running: 159
[Thread 2] running: 160
[Thread 1] running: 160
[Thread 2] running: 161
[Thread 1] running: 161
[Thread 2] received ping: 162
[Thread 2] running: 162
[Thread 1] running: 162
[Thread 2] running: 163
[Thread 1] running: 163
[Thread 2] running: 164
[Thread 1] running: 164
[Thread 2] running: 165
[Worker 4] exiting, result: 1383045683
[Thread 1] running: 165
[Scheduler] thread exited: 8
[Thread 2] running: 166
[Thread 1] running: 166
[Thread 2] running: 167
[Thread 1] running: 167
[Thread 2] received ping: 168
[Thread 2] running: 168
[Thread 1] running: 168
[Thread 2] running: 169
[Thread 1] running: 169
[Thread 2] running: 170
[Thread 1] running: 170
[Thread 2] running: 171
[Thread 1] running: 171
[Thread 2] running: 172
[Thread 1] running: 172
[Thread 2] running: 173
[Thread 1] running: 173
[Thread 2] received ping: 174
[Thread 2] running: 174
[Thread 1] running: 174
[Thread 2] running: 175
[Thread 1] running: 175
[Thread 2] running: 176
[Thread 1] running: 176
[Thread 2] running: 177
[Thread 1] running: 177
[Thread 2] running: 178
[Thread 1] running: 178
[Thread 2] running: 179
[Thread 1] running: 179
[Thread 2] forking worker: 180
[Thread 2] running: 180
[Worker 5] started, work=21
[Thread 1] running: 180
[Thread 2] running: 181
[Thread 1] running: 181
[Thread 2] running: 182
[Thread 1] running: 182
[Thread 2] running: 183
[Thread 1] running: 183
[Thread 2] running: 184
[Thread 1] running: 184
[Thread 2] running: 185
[Thread 1] running: 185
[Thread 2] received ping: 186
[Thread 2] running: 186
[Thread 1] running: 186
[Thread 2] running: 187
[Thread 1] running: 187
[Thread 2] running: 188
[Thread 1] running: 188
[Thread 2] running: 189
[Thread 1] running: 189
[Thread 2] running: 190
[Thread 1] running: 190
[Thread 2] running: 191
[Thread 1] running: 191
[Thread 2] received ping: 192
[Thread 2] running: 192
[Thread 1] running: 192
[Thread 2] running: 193
[Thread 1] running: 193
[Thread 2] running: 194
[Thread 1] running: 194
[Thread 2] running: 195
[Thread 1] running: 195
[Thread 2] running: 196
[Thread 1] running: 196
[Thread 2] running: 197
[Thread 1] running: 197
[Thread 2] received ping: 198
[Thread 2] running: 198
[Thread 1] running: 198
[Thread 2] running: 199
[Thread 1] running: 199
[Thread 2] running: 200
[Thread 1] running: 200
[Thread 2] running: 201
[Worker 5] exiting, result: 238580104
[Thread 1] running: 201
[Scheduler] thread exited: 9
[Thread 2] running: 202
[Thread 1] running: 202
[Thread 2] running: 203
[Thread 1] running: 203
[Thread 2] received ping: 204
[Thread 2] running: 204
[Thread 1] running: 204
[Thread 2] running: 205
[Thread 1] running: 205
[Thread 2] running: 206
[Thread 1] running: 206
[Thread 2] running: 207
[Thread 1] running: 207
[Thread 2] running: 208
[Thread 1] running: 208
[Thread 2] running: 209
[Thread 1] running: 209
[Thread 2] forking worker: 210
[Thread 2] running: 210
[Worker 6] started, work=16
[Thread 1] running: 210
[Thread 2] running: 211
[Thread 1] running: 211
[Thread 2] running: 212
[Thread 1] running: 212
[Thread 2] running: 213
[Thread 1] running: 213
[Thread 2] running: 214
[Thread 1] running: 214
[Thread 2] running: 215
[Thread 1] running: 215
[Thread 2] received ping: 216
[Thread 2] running: 216
[Thread 1] running: 216
[Thread 2] running: 217
[Thread 1] running: 217
[Thread 2] running: 218
[Thread 1] running: 218
[Thread 2] running: 219
[Thread 1] running: 219
[Thread 2] running: 220
[Thread 1] running: 220
[Thread 2] running: 221
[Thread 1] running: 221
[Thread 2] received ping: 222
[Thread 2] running: 222
[Thread 1] running: 222
[Thread 2] running: 223
[Thread 1] running: 223
[Thread 2] running: 224
[Thread 1] running: 224
[Thread 2] running: 225
[Thread 1] running: 225
[Thread 2] running: 226
[Worker 6] exiting, result: 942786308
[Thread 1] running: 226
[Scheduler] thread exited: 10
[Thread 2] running: 227
[Thread 1] running: 227
[Thread 2] received ping: 228
[Thread 2] running: 228
[Thread 1] running: 228
[Thread 2] running: 229
[Thread 1] running: 229
[Thread 2] running: 230
[Thread 1] running: 230
[Thread 2] running: 231
[Thread 1] running: 231
[Thread 2] running: 232
[Thread 1] running: 232
[Thread 2] running: 233
[Thread 1] running: 233
[Thread 2] received ping: 234
[Thread 2] running: 234
[Thread 1] running: 234
[Thread 2] running: 235
[Thread 1] running: 235
[Thread 2] running: 236
[Thread 1] running: 236
[Thread 2] running: 237
[Thread 1] running: 237
[Thread 2] running: 238
[Thread 1] running: 238
[Thread 2] running: 239
[Thread 1] running: 239
[Thread 2] forking worker: 240
[Thread 2] running: 240
[Worker 7] started, work=22
[Thread 1] running: 240
[Thread 2] running: 241
[Thread 1] running: 241
[Thread 2] running: 242
[Thread 1] running: 242
[Thread 2] running: 243
[Thread 1] running: 243
[Thread 2] running: 244
[Thread 1] running: 244
[Thread 2] running: 245
[Thread 1] running: 245
[Thread 2] received ping: 246
[Thread 2] running: 246
[Thread 1] running: 246
[Thread 2] running: 247
[Thread 1] running: 247
[Thread 2] running: 248
[Thread 1] running: 248
[Thread 2] running: 249
[Thread 1] running: 249
[Thread 2] running: 250
[Thread 1] running: 250
[Thread 2] running: 251
[Thread 1] running: 251
[Thread 2] received ping: 252
[Thread 2] running: 252
[Thread 1] running: 252
[Thread 2] running: 253
[Thread 1] running: 253
[Thread 2] running: 254
[Thread 1] running: 254
[Thread 2] running: 255
[Thread 1] running: 255
[Thread 2] running: 256
[Thread 1] running: 256
[Thread 2] running: 257
[Thread 1] running: 257
[Thread 2] received ping: 258
[Thread 2] running: 258
[Thread 1] running: 258
[Thread 2] running: 259
[Thread 1] running: 259
[Thread 2] running: 260
[Thread 1] running: 260
[Thread 2] running: 261
[Thread 1] running: 261
[Thread 2] running: 262
[Worker 7] exiting, result: 602671278
[Thread 1] running: 262
[Scheduler] thread exited: 11
[Thread 2] running: 263
[Thread 1] running: 263
[Thread 2] received ping: 264
[Thread 2] running: 264
[Thread 1] running: 264
[Thread 2] running: 265
[Thread 1] running: 265
[Thread 2] running: 266
[Thread 1] running: 266
[Thread 2] running: 267
[Thread 1] running: 267
[Thread 2] running: 268
[Thread 1] running: 268
[Thread 2] running: 269
[Thread 1] running: 269
[Thread 2] forking worker: 270
[Thread 2] running: 270
[Worker 8] started, work=17
[Thread 1] running: 270
[Thread 2] running: 271
[Thread 1] running: 271
[Thread 2] running: 272
[Thread 1] running: 272
[Thread 2] running: 273
[Thread 1] running: 273
[Thread 2] running: 274
[Thread 1] running: 274
[Thread 2] running: 275
[Thread 1] running: 275
[Thread 2] received ping: 276
[Thread 2] running: 276
[Thread 1] running: 276
[Thread 2] running: 277
[Thread 1] running: 277
[Scheduler] sending shutdown signal
[Thread 2] exiting
[Worker 8] exiting, result: 2510412744
[Thread 1] exiting
[Scheduler] thread exited: 1
[Scheduler] thread exited: 12
[Scheduler] thread exited: 2
[Scheduler] all threads exited
